// Jest Snapshot v1, https://goo.gl/fbAQLP

exports[`renders the navbar component 1`] = `
<DocumentFragment>
  <header
    class="header flex"
  >
    <div
      class="logo-header flex"
    >
      <div
        class="logo flex"
      >
        <span
          class="back"
        >
          <span
            class="back-txt white"
          >
            <h1
              class="logo"
            >
              CRYPTO
            </h1>
          </span>
        </span>
      </div>
    </div>
    <div
      class="right-side flex"
    >
      <span
        class="audio"
      >
        <i
          aria-hidden="true"
          class="fa fa-microphone"
        />
      </span>
      <span
        class="settings"
      >
        <i
          aria-hidden="true"
          class="fa fa-cog"
        />
      </span>
    </div>
  </header>
</DocumentFragment>
`;
